docker.io/starlingx/stx-fm-rest-api:master-centos-stable-latest
docker.io/starlingx/stx-mariadb:master-centos-stable-latest
docker.io/starlingx/k8s-cni-sriov:master-centos-stable-latest
docker.io/starlingx/k8s-plugins-sriov-network-device:master-centos-stable-latest
docker.io/starlingx/stx-ovs:master-centos-stable-latest
docker.io/starlingx/stx-libvirt:master-centos-stable-latest
docker.io/starlingx/stx-nova-api-proxy:master-centos-stable-latest
docker.io/starlingx/stx-keystone-api-proxy:master-centos-stable-latest
docker.io/starlingx/stx-aodh:master-centos-stable-latest
docker.io/starlingx/stx-ironic:master-centos-stable-latest
docker.io/starlingx/stx-magnum:master-centos-stable-latest
docker.io/starlingx/stx-murano:master-centos-stable-latest
docker.io/starlingx/stx-panko:master-centos-stable-latest
docker.io/starlingx/stx-barbican:master-centos-stable-latest
docker.io/starlingx/stx-ceilometer:master-centos-stable-latest
docker.io/starlingx/stx-cinder:master-centos-stable-latest
docker.io/starlingx/stx-glance:master-centos-stable-latest
docker.io/starlingx/stx-gnocchi:master-centos-stable-latest
docker.io/starlingx/stx-heat:master-centos-stable-latest
docker.io/starlingx/stx-horizon:master-centos-stable-latest
docker.io/starlingx/stx-keystone:master-centos-stable-latest
docker.io/starlingx/stx-neutron:master-centos-stable-latest
docker.io/starlingx/stx-nova:master-centos-stable-latest
docker.io/starlingx/stx-openstackclients:master-centos-stable-latest
docker.io/starlingx/stx-placement:master-centos-stable-latest
docker.io/starlingx/stx-platformclients:master-centos-stable-latest
kolla/ubuntu-source-nova-novncproxy:ocata
rabbitmq:3.7-management
quay.io/airshipit/armada:dd2e56c473549fd16f94212b553ed58c48d1f51b-ubuntu_bionic
quay.io/calico/node:v3.6.2
quay.io/calico/cni:v3.6.2
quay.io/calico/kube-controllers:v3.6.2
k8s.gcr.io/kube-proxy:v1.13.5
k8s.gcr.io/kube-apiserver:v1.13.5
k8s.gcr.io/kube-controller-manager:v1.13.5
k8s.gcr.io/kube-scheduler:v1.13.5
rabbitmq:3.7.13-management
rabbitmq:3.7.13
nfvpe/multus:v3.2
gcr.io/kubernetes-helm/tiller:v2.13.1
quay.io/kubernetes-ingress-controller/nginx-ingress-controller:0.23.0
openstackhelm/ceph-daemon:latest
k8s.gcr.io/coredns:1.2.6
xrally/xrally-openstack:1.3.0
openstackhelm/mariadb:10.2.18
quay.io/external_storage/rbd-provisioner:v2.1.1-k8s1.11
openstackhelm/neutron:ocata
port/ceph-config-helper:v1.10.3
osixia/keepalived:1.4.5
quay.io/stackanetes/kubernetes-entrypoint:v0.3.1
mariadb:10.2.13
memcached:1.5.5
prom/memcached-exporter:v0.4.1
k8s.gcr.io/pause:3.1
quay.io/kubernetes-ingress-controller/nginx-ingress-controller:0.9.0
docker:17.07.0
kbudde/rabbitmq-exporter:v0.21.0
nginx:1.13.3
prom/mysqld-exporter:v0.10.0
gcr.io/google_containers/defaultbackend:1.0