REPOSITORY                           TAG                                                      IMAGE ID            CREATED             SIZE
starlingx/k8s-cni-sriov              master-centos-stable-latest                              57121fcbac61        3 days ago          228MB
quay.io/airshipit/armada             dd2e56c473549fd16f94212b553ed58c48d1f51b-ubuntu_bionic   e6e1b0070bc1        5 weeks ago         461MB
quay.io/calico/node                  v3.6.2                                                   707815f0ee0a        2 months ago        73.2MB
quay.io/calico/cni                   v3.6.2                                                   14f1e7286a2d        2 months ago        84.3MB
quay.io/calico/kube-controllers      v3.6.2                                                   c4b7095e1af2        2 months ago        50.9MB
k8s.gcr.io/kube-proxy                v1.13.5                                                  2ee69cad74bf        3 months ago        80.2MB
k8s.gcr.io/kube-apiserver            v1.13.5                                                  90332c1b9a4b        3 months ago        181MB
k8s.gcr.io/kube-controller-manager   v1.13.5                                                  b6b315f4f34a        3 months ago        146MB
k8s.gcr.io/kube-scheduler            v1.13.5                                                  c629ac1dae38        3 months ago        79.6MB
nfvpe/multus                         v3.2                                                     45da14a16acc        3 months ago        500MB
gcr.io/kubernetes-helm/tiller        v2.13.1                                                  cb5aea7d0466        3 months ago        82.1MB
k8s.gcr.io/coredns                   1.2.6                                                    f59dcacceff4        8 months ago        40MB
k8s.gcr.io/pause                     3.1                                                      da86e6ba6ca1        19 months ago       742kB




REPOSITORY                                                     TAG                                                      IMAGE ID            CREATED             SIZE
starlingx/k8s-cni-sriov                                        master-centos-stable-latest                              57121fcbac61        3 days ago          228MB
quay.io/airshipit/armada                                       dd2e56c473549fd16f94212b553ed58c48d1f51b-ubuntu_bionic   e6e1b0070bc1        5 weeks ago         461MB
quay.io/calico/node                                            v3.6.2                                                   707815f0ee0a        2 months ago        73.2MB
quay.io/calico/cni                                             v3.6.2                                                   14f1e7286a2d        2 months ago        84.3MB
quay.io/calico/kube-controllers                                v3.6.2                                                   c4b7095e1af2        2 months ago        50.9MB
k8s.gcr.io/kube-proxy                                          v1.13.5                                                  2ee69cad74bf        3 months ago        80.2MB
k8s.gcr.io/kube-controller-manager                             v1.13.5                                                  b6b315f4f34a        3 months ago        146MB
k8s.gcr.io/kube-apiserver                                      v1.13.5                                                  90332c1b9a4b        3 months ago        181MB
k8s.gcr.io/kube-scheduler                                      v1.13.5                                                  c629ac1dae38        3 months ago        79.6MB
nfvpe/multus                                                   v3.2                                                     45da14a16acc        3 months ago        500MB
gcr.io/kubernetes-helm/tiller                                  v2.13.1                                                  cb5aea7d0466        3 months ago        82.1MB
k8s.gcr.io/coredns                                             1.2.6                                                    f59dcacceff4        8 months ago        40MB
registry.local:9001/quay.io/external_storage/rbd-provisioner   v2.1.1-k8s1.11                                           9fb54e49f9bf        10 months ago       405MB
quay.io/external_storage/rbd-provisioner                       v2.1.1-k8s1.11                                           9fb54e49f9bf        10 months ago       405MB
registry.local:9001/docker.io/port/ceph-config-helper          v1.10.3                                                  c08b1f7e4458        13 months ago       769MB
port/ceph-config-helper                                        v1.10.3                                                  c08b1f7e4458        13 months ago       769MB
k8s.gcr.io/pause                                               3.1                                                      da86e6ba6ca1        19 months ago       742kB



REPOSITORY                                                                           TAG                                                      IMAGE ID            CREATED             SIZE
rabbitmq                                                                             3.7-management                                           e317d1edff6d        30 hours ago        179MB
registry.local:9001/docker.io/rabbitmq                                               3.7-management                                           e317d1edff6d        30 hours ago        179MB
starlingx/stx-placement                                                              master-centos-stable-latest                              17f5ed3354d8        3 days ago          727MB
registry.local:9001/docker.io/starlingx/stx-placement                                master-centos-stable-latest                              17f5ed3354d8        3 days ago          727MB
registry.local:9001/docker.io/starlingx/stx-nova                                     master-centos-stable-latest                              fac1d5f66423        3 days ago          1.18GB
starlingx/stx-nova                                                                   master-centos-stable-latest                              fac1d5f66423        3 days ago          1.18GB
starlingx/stx-neutron                                                                master-centos-stable-latest                              9246409de1b9        3 days ago          807MB
registry.local:9001/docker.io/starlingx/stx-neutron                                  master-centos-stable-latest                              9246409de1b9        3 days ago          807MB
starlingx/stx-keystone                                                               master-centos-stable-latest                              ef0f1aae5cec        3 days ago          763MB
registry.local:9001/docker.io/starlingx/stx-keystone                                 master-centos-stable-latest                              ef0f1aae5cec        3 days ago          763MB
starlingx/stx-horizon                                                                master-centos-stable-latest                              1e1d2d726f64        3 days ago          811MB
registry.local:9001/docker.io/starlingx/stx-horizon                                  master-centos-stable-latest                              1e1d2d726f64        3 days ago          811MB
starlingx/stx-heat                                                                   master-centos-stable-latest                              d95bbfda57d7        3 days ago          788MB
registry.local:9001/docker.io/starlingx/stx-heat                                     master-centos-stable-latest                              d95bbfda57d7        3 days ago          788MB
starlingx/stx-gnocchi                                                                master-centos-stable-latest                              adf7f1cb8820        3 days ago          834MB
registry.local:9001/docker.io/starlingx/stx-gnocchi                                  master-centos-stable-latest                              adf7f1cb8820        3 days ago          834MB
starlingx/stx-glance                                                                 master-centos-stable-latest                              f6c17eb1dd23        3 days ago          780MB
registry.local:9001/docker.io/starlingx/stx-glance                                   master-centos-stable-latest                              f6c17eb1dd23        3 days ago          780MB
starlingx/stx-cinder                                                                 master-centos-stable-latest                              43b1b4e5f653        3 days ago          865MB
registry.local:9001/docker.io/starlingx/stx-cinder                                   master-centos-stable-latest                              43b1b4e5f653        3 days ago          865MB
starlingx/stx-ceilometer                                                             master-centos-stable-latest                              d697bb5fe483        3 days ago          835MB
registry.local:9001/docker.io/starlingx/stx-ceilometer                               master-centos-stable-latest                              d697bb5fe483        3 days ago          835MB
starlingx/stx-barbican                                                               master-centos-stable-latest                              5f3d68dd645d        3 days ago          702MB
registry.local:9001/docker.io/starlingx/stx-barbican                                 master-centos-stable-latest                              5f3d68dd645d        3 days ago          702MB
starlingx/stx-panko                                                                  master-centos-stable-latest                              8d069144d55f        3 days ago          757MB
registry.local:9001/docker.io/starlingx/stx-panko                                    master-centos-stable-latest                              8d069144d55f        3 days ago          757MB
starlingx/stx-ironic                                                                 master-centos-stable-latest                              ad86787099a9        3 days ago          818MB
registry.local:9001/docker.io/starlingx/stx-ironic                                   master-centos-stable-latest                              ad86787099a9        3 days ago          818MB
starlingx/stx-aodh                                                                   master-centos-stable-latest                              73ba8ce4bd44        3 days ago          781MB
registry.local:9001/docker.io/starlingx/stx-aodh                                     master-centos-stable-latest                              73ba8ce4bd44        3 days ago          781MB
starlingx/stx-keystone-api-proxy                                                     master-centos-stable-latest                              d27a55d0513c        3 days ago          826MB
registry.local:9001/docker.io/starlingx/stx-keystone-api-proxy                       master-centos-stable-latest                              d27a55d0513c        3 days ago          826MB
starlingx/stx-nova-api-proxy                                                         master-centos-stable-latest                              fae45acb8bc0        3 days ago          661MB
registry.local:9001/docker.io/starlingx/stx-nova-api-proxy                           master-centos-stable-latest                              fae45acb8bc0        3 days ago          661MB
starlingx/stx-libvirt                                                                master-centos-stable-latest                              cb88ffe0a47b        3 days ago          683MB
registry.local:9001/docker.io/starlingx/stx-libvirt                                  master-centos-stable-latest                              cb88ffe0a47b        3 days ago          683MB
starlingx/stx-ovs                                                                    master-centos-stable-latest                              2cb7457630ea        3 days ago          756MB
registry.local:9001/docker.io/starlingx/stx-ovs                                      master-centos-stable-latest                              2cb7457630ea        3 days ago          756MB
starlingx/k8s-cni-sriov                                                              master-centos-stable-latest                              57121fcbac61        3 days ago          228MB
starlingx/stx-mariadb                                                                master-centos-stable-latest                              ee88782c6c47        3 days ago          519MB
registry.local:9001/docker.io/starlingx/stx-mariadb                                  master-centos-stable-latest                              ee88782c6c47        3 days ago          519MB
kolla/ubuntu-source-nova-novncproxy                                                  ocata                                                    6f3a7a27d799        3 weeks ago         1GB
registry.local:9001/docker.io/kolla/ubuntu-source-nova-novncproxy                    ocata                                                    6f3a7a27d799        3 weeks ago         1GB
quay.io/airshipit/armada                                                             dd2e56c473549fd16f94212b553ed58c48d1f51b-ubuntu_bionic   e6e1b0070bc1        5 weeks ago         461MB
quay.io/calico/node                                                                  v3.6.2                                                   707815f0ee0a        2 months ago        73.2MB
quay.io/calico/cni                                                                   v3.6.2                                                   14f1e7286a2d        2 months ago        84.3MB
quay.io/calico/kube-controllers                                                      v3.6.2                                                   c4b7095e1af2        2 months ago        50.9MB
k8s.gcr.io/kube-proxy                                                                v1.13.5                                                  2ee69cad74bf        3 months ago        80.2MB
k8s.gcr.io/kube-controller-manager                                                   v1.13.5                                                  b6b315f4f34a        3 months ago        146MB
k8s.gcr.io/kube-apiserver                                                            v1.13.5                                                  90332c1b9a4b        3 months ago        181MB
k8s.gcr.io/kube-scheduler                                                            v1.13.5                                                  c629ac1dae38        3 months ago        79.6MB
registry.local:9001/docker.io/rabbitmq                                               3.7.13-management                                        4d6576293cb8        3 months ago        213MB
rabbitmq                                                                             3.7.13-management                                        4d6576293cb8        3 months ago        213MB
rabbitmq                                                                             3.7.13                                                   ec2460a97fb0        3 months ago        183MB
registry.local:9001/docker.io/rabbitmq                                               3.7.13                                                   ec2460a97fb0        3 months ago        183MB
nfvpe/multus                                                                         v3.2                                                     45da14a16acc        3 months ago        500MB
gcr.io/kubernetes-helm/tiller                                                        v2.13.1                                                  cb5aea7d0466        3 months ago        82.1MB
quay.io/kubernetes-ingress-controller/nginx-ingress-controller                       0.23.0                                                   42d47fe0c78f        4 months ago        591MB
registry.local:9001/quay.io/kubernetes-ingress-controller/nginx-ingress-controller   0.23.0                                                   42d47fe0c78f        4 months ago        591MB
openstackhelm/ceph-daemon                                                            latest                                                   12651ef1cbc9        5 months ago        822MB
registry.local:9001/docker.io/openstackhelm/ceph-daemon                              latest                                                   12651ef1cbc9        5 months ago        822MB
k8s.gcr.io/coredns                                                                   1.2.6                                                    f59dcacceff4        8 months ago        40MB
xrally/xrally-openstack                                                              1.3.0                                                    d7055c67829f        8 months ago        849MB
registry.local:9001/docker.io/xrally/xrally-openstack                                1.3.0                                                    d7055c67829f        8 months ago        849MB
openstackhelm/mariadb                                                                10.2.18                                                  ad585bf77f99        8 months ago        447MB
registry.local:9001/docker.io/openstackhelm/mariadb                                  10.2.18                                                  ad585bf77f99        8 months ago        447MB
quay.io/external_storage/rbd-provisioner                                             v2.1.1-k8s1.11                                           9fb54e49f9bf        10 months ago       405MB
registry.local:9001/quay.io/external_storage/rbd-provisioner                         v2.1.1-k8s1.11                                           9fb54e49f9bf        10 months ago       405MB
openstackhelm/neutron                                                                ocata                                                    28cc1278a589        12 months ago       319MB
registry.local:9001/docker.io/openstackhelm/neutron                                  ocata                                                    28cc1278a589        12 months ago       319MB
port/ceph-config-helper                                                              v1.10.3                                                  c08b1f7e4458        13 months ago       769MB
registry.local:9001/docker.io/port/ceph-config-helper                                v1.10.3                                                  c08b1f7e4458        13 months ago       769MB
osixia/keepalived                                                                    1.4.5                                                    2b82357fcf1c        13 months ago       53MB
registry.local:9001/docker.io/osixia/keepalived                                      1.4.5                                                    2b82357fcf1c        13 months ago       53MB
quay.io/stackanetes/kubernetes-entrypoint                                            v0.3.1                                                   7fb3c2364b87        15 months ago       97.7MB
registry.local:9001/quay.io/stackanetes/kubernetes-entrypoint                        v0.3.1                                                   7fb3c2364b87        15 months ago       97.7MB
registry.local:9001/docker.io/mariadb                                                10.2.13                                                  ea5e726062ce        16 months ago       396MB
mariadb                                                                              10.2.13                                                  ea5e726062ce        16 months ago       396MB
memcached                                                                            1.5.5                                                    9a7e8440a999        17 months ago       58.6MB
registry.local:9001/docker.io/memcached                                              1.5.5                                                    9a7e8440a999        17 months ago       58.6MB
prom/memcached-exporter                                                              v0.4.1                                                   b1addec35978        17 months ago       13.8MB
registry.local:9001/docker.io/prom/memcached-exporter                                v0.4.1                                                   b1addec35978        17 months ago       13.8MB
k8s.gcr.io/pause                                                                     3.1                                                      da86e6ba6ca1        19 months ago       742kB
quay.io/kubernetes-ingress-controller/nginx-ingress-controller                       0.9.0                                                    e56d6a14283a        19 months ago       190MB
registry.local:9001/quay.io/kubernetes-ingress-controller/nginx-ingress-controller   0.9.0                                                    e56d6a14283a        19 months ago       190MB
docker                                                                               17.07.0                                                  8402a1713d6c        21 months ago       98.7MB
registry.local:9001/docker.io/docker                                                 17.07.0                                                  8402a1713d6c        21 months ago       98.7MB
kbudde/rabbitmq-exporter                                                             v0.21.0                                                  cea0055c195d        21 months ago       8.92MB
registry.local:9001/docker.io/kbudde/rabbitmq-exporter                               v0.21.0                                                  cea0055c195d        21 months ago       8.92MB
nginx                                                                                1.13.3                                                   b8efb18f159b        24 months ago       107MB
registry.local:9001/docker.io/nginx                                                  1.13.3                                                   b8efb18f159b        24 months ago       107MB
prom/mysqld-exporter                                                                 v0.10.0                                                  a073d45ec971        2 years ago         13MB
registry.local:9001/docker.io/prom/mysqld-exporter                                   v0.10.0                                                  a073d45ec971        2 years ago         13MB
gcr.io/google_containers/defaultbackend                                              1.0                                                      137a07dfd084        3 years ago         7.51MB
registry.local:9001/gcr.io/google_containers/defaultbackend                          1.0                                                      137a07dfd084        3 years ago         7.51MB

